vite v7.3.6 building client environment for production...
transforming...
✓ 391 modules transformed.
rendering chunks...
computing gzip size...
../../docs/review/chung-ket-20260927/bang-chung/site/so-lieu.html                          0.75 kB │ gzip:   0.41 kB
../../docs/review/chung-ket-20260927/bang-chung/site/phong-van.html                        0.91 kB │ gzip:   0.45 kB
../../docs/review/chung-ket-20260927/bang-chung/site/soi.html                              0.91 kB │ gzip:   0.45 kB
../../docs/review/chung-ket-20260927/bang-chung/site/index.html                            1.33 kB │ gzip:   0.61 kB
../../docs/review/chung-ket-20260927/bang-chung/site/gioi-thieu.html                       3.34 kB │ gzip:   1.45 kB
../../docs/review/chung-ket-20260927/bang-chung/site/assets/index-5NT3Iy8L.css            32.49 kB │ gzip:   7.16 kB
../../docs/review/chung-ket-20260927/bang-chung/site/assets/gioi-thieu-MsO0IpSi.css       58.30 kB │ gzip:  12.13 kB
../../docs/review/chung-ket-20260927/bang-chung/site/assets/tool-design-C1SnAInf.css      61.13 kB │ gzip:  13.82 kB
../../docs/review/chung-ket-20260927/bang-chung/site/assets/mock-safe-DD7ZMUeT.js          0.68 kB │ gzip:   0.44 kB
../../docs/review/chung-ket-20260927/bang-chung/site/assets/mock-warning-CQdeN89U.js       0.73 kB │ gzip:   0.53 kB
../../docs/review/chung-ket-20260927/bang-chung/site/assets/tool-design-vntdkJIm.js        0.84 kB │ gzip:   0.49 kB
../../docs/review/chung-ket-20260927/bang-chung/site/assets/mock-danger-e_O5uXEj.js        1.00 kB │ gzip:   0.67 kB
../../docs/review/chung-ket-20260927/bang-chung/site/assets/DemoScanArtwork-hXdouJPT.js    2.11 kB │ gzip:   1.00 kB
../../docs/review/chung-ket-20260927/bang-chung/site/assets/soi-CxUOODeL.js               15.24 kB │ gzip:   6.50 kB
../../docs/review/chung-ket-20260927/bang-chung/site/assets/phong-van-lxX33q5O.js         16.25 kB │ gzip:   5.37 kB
../../docs/review/chung-ket-20260927/bang-chung/site/assets/so-lieu-D1nxFFmC.js           17.59 kB │ gzip:   6.06 kB
../../docs/review/chung-ket-20260927/bang-chung/site/assets/coHan-PzCXmP_r.js             18.73 kB │ gzip:   6.70 kB
../../docs/review/chung-ket-20260927/bang-chung/site/assets/gioi-thieu-43uT4yz_.js        57.55 kB │ gzip:  17.05 kB
../../docs/review/chung-ket-20260927/bang-chung/site/assets/index-C_jFCCtF.js            115.79 kB │ gzip:  36.54 kB
../../docs/review/chung-ket-20260927/bang-chung/site/assets/client-DIywjBaq.js           193.08 kB │ gzip:  60.58 kB
../../docs/review/chung-ket-20260927/bang-chung/site/assets/CanhBao-DBv_XMlS.js          350.98 kB │ gzip: 106.86 kB
✓ built in 1.56s
vite v7.3.6 building client environment for production...
transforming...
✓ 295 modules transformed.
rendering chunks...
computing gzip size...
../../docs/review/chung-ket-20260927/bang-chung/site/tan-cong/index.html                   0.72 kB │ gzip:   0.46 kB
../../docs/review/chung-ket-20260927/bang-chung/site/tan-cong/assets/index-CO64lCEy.css   23.62 kB │ gzip:   6.22 kB
../../docs/review/chung-ket-20260927/bang-chung/site/tan-cong/assets/index-BvZd6Ua7.js   504.00 kB │ gzip: 154.71 kB
✓ built in 1.29s

(!) Some chunks are larger than 500 kB after minification. Consider:
- Using dynamic import() to code-split the application
- Use build.rollupOptions.output.manualChunks to improve chunking: https://rollupjs.org/configuration-options/#output-manualchunks
- Adjust chunk size limit for this warning via build.chunkSizeWarningLimit.
