F-01 same delegate unlimited: {"original":{"level":"danger","reasonCodes":["SPL_APPROVE_DELEGATE_LON","MINT_AUTHORITY_CHUA_THU_HOI"],"hits":[{"ruleId":3,"level":"danger","reasonCode":"SPL_APPROVE_DELEGATE_LON","bangChung":[{"loai":"tokenAccount","khoa":"6GKSKEwGZ6VN32FMhkCmmffAEjhD9GPjqzNspYiBLLEa"}],"detail":"HaVREgPPBxHHJfUWV7yVPqU8epvoT1f5QGSNP9bAEXTT được phép rút 18446744073709551615 từ 6GKSKEwGZ6VN32FMhkCmmffAEjhD9GPjqzNspYiBLLEa, trong khi tài khoản chỉ có 500000000"},{"ruleId":6,"level":"warning","reasonCode":"MINT_AUTHORITY_CHUA_THU_HOI","detail":"43JGWQPDygFB8FgQ1ifoLoCeKH75d6vMTAS88SBK4tjd vẫn có thể được tạo thêm bởi 2EjYM7ShF9n1e5ErWpmnw5xzMTEUF9CC4peDctKbCpAF","bangChung":[{"loai":"mint","khoa":"43JGWQPDygFB8FgQ1ifoLoCeKH75d6vMTAS88SBK4tjd"}]}]},"repeat":{"level":"warning","reasonCodes":["MINT_AUTHORITY_CHUA_THU_HOI"],"hits":[{"ruleId":6,"level":"warning","reasonCode":"MINT_AUTHORITY_CHUA_THU_HOI","detail":"43JGWQPDygFB8FgQ1ifoLoCeKH75d6vMTAS88SBK4tjd vẫn có thể được tạo thêm bởi 2EjYM7ShF9n1e5ErWpmnw5xzMTEUF9CC4peDctKbCpAF","bangChung":[{"loai":"mint","khoa":"43JGWQPDygFB8FgQ1ifoLoCeKH75d6vMTAS88SBK4tjd"}]}]},"explanation":{"detectedPrimaryAction":null,"explanation":"Người phát hành 43JG…4tjd vẫn có thể tạo thêm token này không giới hạn.","aiAdvisory":null}}
F-01 revoked mint: {"result":{"level":"safe","reasonCodes":[],"hits":[]},"diff":[{"label":"Tổng SOL của bạn","before":"4,91926012","after":"4,91925512","severity":"info","soLieu":{"truoc":"4919260120","sau":"4919255120","decimals":9}}],"l3":{"detectedPrimaryAction":null,"explanation":"Không tìm thấy dấu hiệu nào trong danh sách chúng tôi kiểm tra được.","aiAdvisory":null}}
F-01 L1-to-L3 same delegate 1 to MAX: {"level":"danger","aiAdvisory":null,"detectedPrimaryAction":{"type":"cấp quyền rút","from":"43JG…4tjd","to":"HaVR…EXTT"},"diff":[{"label":"Được phép rút 43JG…4tjd","before":"HaVR…EXTT — tới 1,0","after":"HaVR…EXTT — tới 18.446.744.073.709,551615","severity":"danger","truocDayDu":"HaVREgPPBxHHJfUWV7yVPqU8epvoT1f5QGSNP9bAEXTT","sauDayDu":"HaVREgPPBxHHJfUWV7yVPqU8epvoT1f5QGSNP9bAEXTT"},{"label":"Phí mạng","before":"—","after":"0,000005 SOL","severity":"info","soLieu":{"truoc":"0","sau":"5000","decimals":9}}],"reasonCodes":["SPL_APPROVE_DELEGATE_LON"],"coverage":{"analyzed":1,"total":1,"unverifiedPrograms":0},"explanation":"Hành động chính được nhận diện: cấp quyền rút 43JG…4tjd cho ví HaVR…EXTT. Ví HaVR…EXTT sẽ được phép rút 18.446.744.073.709,551615 43JG…4tjd của bạn, bất cứ lúc nào, kể cả nhiều tháng sau."}
F-08 missing mint: {"mintControl":{"level":"warning","aiAdvisory":null,"detectedPrimaryAction":{"type":"chuyển token","from":"43JG…4tjd"},"diff":[{"label":"Số dư 43JG…4tjd sau khi ký","before":"500,0","after":"499,0","soLieu":{"truoc":"500000000","sau":"499000000","decimals":6,"mint":"43JGWQPDygFB8FgQ1ifoLoCeKH75d6vMTAS88SBK4tjd","taiKhoan":"6GKSKEwGZ6VN32FMhkCmmffAEjhD9GPjqzNspYiBLLEa"},"severity":"info"},{"label":"Phí mạng","before":"—","after":"0,000005 SOL","severity":"info","soLieu":{"truoc":"0","sau":"5000","decimals":9}}],"reasonCodes":["FREEZE_AUTHORITY_CON_HIEU_LUC"],"coverage":{"analyzed":1,"total":1,"unverifiedPrograms":0},"explanation":"Hành động chính được nhận diện: chuyển 43JG…4tjd đi. Bên phát hành 43JG…4tjd có quyền đóng băng tài khoản của bạn, khiến bạn không chuyển được token này. Nhiều token lớn cũng vậy — đây là tính năng hợp lệ."},"missingMint":{"level":"warning","aiAdvisory":null,"detectedPrimaryAction":{"type":"chuyển token","from":"43JG…4tjd"},"diff":[{"label":"Số dư 43JG…4tjd sau khi ký","before":"500.000.000 đơn vị gốc","after":"499.000.000 đơn vị gốc","severity":"info"},{"label":"Phí mạng","before":"—","after":"0,000005 SOL","severity":"info","soLieu":{"truoc":"0","sau":"5000","decimals":9}}],"reasonCodes":["TRANG_THAI_DO_KHUYET"],"coverage":{"analyzed":1,"total":1,"unverifiedPrograms":0},"explanation":"Hành động chính được nhận diện: chuyển 43JG…4tjd đi. Chúng tôi không đọc được thông tin của 1 loại token trong giao dịch này, nên số lượng đang hiện ở đơn vị gốc và các cảnh báo về token đó (đóng băng, phát hành thêm) có thể còn thiếu."}}
F-02 mutable interpreter inputs: {"control":{"level":"warning","aiAdvisory":null,"detectedPrimaryAction":null,"diff":[{"label":"Phần chưa đọc được","before":"—","after":"2 tài khoản không đọc được trạng thái sau","severity":"warning"}],"reasonCodes":["MO_PHONG_HONG","TRANG_THAI_DO_KHUYET"],"coverage":{"analyzed":0,"total":1,"unverifiedPrograms":0},"explanation":""},"mutated":{"level":"warning","aiAdvisory":null,"detectedPrimaryAction":null,"diff":[{"label":"Phần chưa đọc được","before":"—","after":"2 tài khoản không đọc được trạng thái sau","severity":"warning"}],"reasonCodes":["MO_PHONG_HONG","TRANG_THAI_DO_KHUYET"],"coverage":{"analyzed":0,"total":1,"unverifiedPrograms":0},"explanation":"adapter mutated inputs"}}
F-07 truncated simulation accounts: {"level":"warning","aiAdvisory":null,"detectedPrimaryAction":null,"diff":[{"label":"Phần chưa đọc được","before":"—","after":"2 tài khoản không đọc được trạng thái sau","severity":"warning"}],"reasonCodes":["TRANG_THAI_DO_KHUYET"],"coverage":{"analyzed":1,"total":1,"unverifiedPrograms":0},"explanation":""}
F-03 ignored advisory: {"cho":"hoi","lyDo":"de_nghi_kiem_tra","ketQua":{"level":"safe","aiAdvisory":"review_required","coverage":{"analyzed":1,"total":1,"unverifiedPrograms":0},"reasonCodes":[],"diff":[],"explanation":"Cần kiểm tra thủ công","detectedPrimaryAction":null},"loi":null}
F-04 model verdict language: {"text":"Giao dịch này nguy hiểm.","accepted":false,"base":"Hành động chính được nhận diện: cấp quyền rút 43JG…4tjd cho ví HaVR…EXTT.","result":{"detectedPrimaryAction":{"type":"cấp quyền rút","from":"43JG…4tjd","to":"HaVR…EXTT"},"explanation":"Hành động chính được nhận diện: cấp quyền rút 43JG…4tjd cho ví HaVR…EXTT.","aiAdvisory":null}}
F-04 model verdict language: {"text":"Bạn có thể ký mà không phải kiểm tra thêm.","accepted":false,"base":"Hành động chính được nhận diện: cấp quyền rút 43JG…4tjd cho ví HaVR…EXTT.","result":{"detectedPrimaryAction":{"type":"cấp quyền rút","from":"43JG…4tjd","to":"HaVR…EXTT"},"explanation":"Hành động chính được nhận diện: cấp quyền rút 43JG…4tjd cho ví HaVR…EXTT.","aiAdvisory":null}}
F-04 model verdict language: {"text":"Tài sản của bạn được bảo vệ tuyệt đối.","accepted":false,"base":"Hành động chính được nhận diện: cấp quyền rút 43JG…4tjd cho ví HaVR…EXTT.","result":{"detectedPrimaryAction":{"type":"cấp quyền rút","from":"43JG…4tjd","to":"HaVR…EXTT"},"explanation":"Hành động chính được nhận diện: cấp quyền rút 43JG…4tjd cho ví HaVR…EXTT.","aiAdvisory":null}}
F-06 later authority observation: {"actualBefore":"100","actualAfter":"100","targetBefore":null,"targetAfter":null,"target":"unknown","delegate":"unknown","closeAuthority":"unknown","balance":"match","authority":"unknown"}
✔ F-01 same delegate increased from 1 to MAX must trigger R03 (0.513ms)
✔ F-02 interpreter cannot mutate L2 evidence (0.4097ms)
✔ F-03 manual review advisory requires asking (0.06ms)
✔ F-04 disallowed model verdict language must fall back (0.0639ms)
✔ F-07 omitted simulation positions remain unknown, not zero (0.0859ms)
✔ F-08 unreadable relevant mint must not produce safe (0.065ms)
ℹ tests 6
ℹ suites 0
ℹ pass 6
ℹ fail 0
ℹ cancelled 0
ℹ skipped 0
ℹ todo 0
ℹ duration_ms 2881.3808
