TAP version 13
# Subtest: LUẬT 1 kích hoạt — tài khoản token của người ký đổi chủ
ok 1 - LUẬT 1 kích hoạt — tài khoản token của người ký đổi chủ
  ---
  duration_ms: 1.5547
  type: 'test'
  ...
# Subtest: LUẬT 1 KHÔNG kích hoạt — tài khoản của người khác đổi chủ
ok 2 - LUẬT 1 KHÔNG kích hoạt — tài khoản của người khác đổi chủ
  ---
  duration_ms: 0.1517
  type: 'test'
  ...
# Subtest: LUẬT 2 kích hoạt — trao quyền đóng tài khoản cho ví lạ
ok 3 - LUẬT 2 kích hoạt — trao quyền đóng tài khoản cho ví lạ
  ---
  duration_ms: 0.1091
  type: 'test'
  ...
# Subtest: LUẬT 2 KHÔNG kích hoạt — người ký tự giữ quyền đóng của mình
ok 4 - LUẬT 2 KHÔNG kích hoạt — người ký tự giữ quyền đóng của mình
  ---
  duration_ms: 0.1076
  type: 'test'
  ...
# Subtest: LUẬT 3 kích hoạt — cấp quyền rút vượt số dư đang có
ok 5 - LUẬT 3 kích hoạt — cấp quyền rút vượt số dư đang có
  ---
  duration_ms: 0.1805
  type: 'test'
  ...
# Subtest: LUẬT 3 KHÔNG kích hoạt — cấp quyền rút đúng bằng số dư (hành vi dApp chuẩn, ca R03-neg)
ok 6 - LUẬT 3 KHÔNG kích hoạt — cấp quyền rút đúng bằng số dư (hành vi dApp chuẩn, ca R03-neg)
  ---
  duration_ms: 0.1281
  type: 'test'
  ...
# Subtest: LUẬT 12 kích hoạt — account đổi program sở hữu (vector assign của ca Coinspect)
ok 7 - LUẬT 12 kích hoạt — account đổi program sở hữu (vector assign của ca Coinspect)
  ---
  duration_ms: 0.1497
  type: 'test'
  ...
# Subtest: LUẬT 12 đọc từ facts.accounts chứ không phải tokenAccounts
ok 8 - LUẬT 12 đọc từ facts.accounts chứ không phải tokenAccounts
  ---
  duration_ms: 0.1319
  type: 'test'
  ...
# Subtest: FAIL-SAFE — mô phỏng hỏng thì không bao giờ ra safe
ok 9 - FAIL-SAFE — mô phỏng hỏng thì không bao giờ ra safe
  ---
  duration_ms: 0.1009
  type: 'test'
  ...
# Subtest: FAIL-SAFE — lệnh chưa đọc hiểu mà CHẠM tài sản người ký ⇒ warning
ok 10 - FAIL-SAFE — lệnh chưa đọc hiểu mà CHẠM tài sản người ký ⇒ warning
  ---
  duration_ms: 0.2062
  type: 'test'
  ...
# Subtest: FAIL-SAFE — lệnh chưa đọc hiểu mà KHÔNG chạm tài sản người ký ⇒ vẫn safe
ok 11 - FAIL-SAFE — lệnh chưa đọc hiểu mà KHÔNG chạm tài sản người ký ⇒ vẫn safe
  ---
  duration_ms: 0.0952
  type: 'test'
  ...
# Subtest: FAIL-SAFE — lookup table không giải được thì không bao giờ ra safe
ok 12 - FAIL-SAFE — lookup table không giải được thì không bao giờ ra safe
  ---
  duration_ms: 0.0913
  type: 'test'
  ...
# Subtest: FAIL-SAFE 3 tự đứng được, KHÔNG dựa vào luật 10
ok 13 - FAIL-SAFE 3 tự đứng được, KHÔNG dựa vào luật 10
  ---
  duration_ms: 0.499
  type: 'test'
  ...
# Subtest: FAIL-SAFE không hạ cấp verdict Đỏ xuống Vàng
ok 14 - FAIL-SAFE không hạ cấp verdict Đỏ xuống Vàng
  ---
  duration_ms: 0.103
  type: 'test'
  ...
# Subtest: LUẬT 4 — token có Permanent Delegate nhưng PD KHÔNG ra tay ⇒ chỉ Vàng
ok 15 - LUẬT 4 — token có Permanent Delegate nhưng PD KHÔNG ra tay ⇒ chỉ Vàng
  ---
  duration_ms: 0.1247
  type: 'test'
  ...
# Subtest: LUẬT 4 KHÔNG lên Đỏ khi chính người ký chuyển token của mình
ok 16 - LUẬT 4 KHÔNG lên Đỏ khi chính người ký chuyển token của mình
  ---
  duration_ms: 0.6349
  type: 'test'
  ...
# Subtest: LUẬT 6 kích hoạt — người phát hành vẫn tạo thêm token được
ok 17 - LUẬT 6 kích hoạt — người phát hành vẫn tạo thêm token được
  ---
  duration_ms: 0.3109
  type: 'test'
  ...
# Subtest: LUẬT 6 KHÔNG kích hoạt — mint authority đã thu hồi
ok 18 - LUẬT 6 KHÔNG kích hoạt — mint authority đã thu hồi
  ---
  duration_ms: 0.1123
  type: 'test'
  ...
# Subtest: LUẬT 9 kích hoạt — chương trình lạ GHI vào tài khoản người ký
ok 19 - LUẬT 9 kích hoạt — chương trình lạ GHI vào tài khoản người ký
  ---
  duration_ms: 0.1354
  type: 'test'
  ...
# Subtest: LUẬT 9 KHÔNG kích hoạt — chương trình lạ KHÔNG chạm tài sản người ký
ok 20 - LUẬT 9 KHÔNG kích hoạt — chương trình lạ KHÔNG chạm tài sản người ký
  ---
  duration_ms: 0.1263
  type: 'test'
  ...
# Subtest: LUẬT 11 kích hoạt — NHIỀU loại tài sản cùng rời ví
ok 21 - LUẬT 11 kích hoạt — NHIỀU loại tài sản cùng rời ví
  ---
  duration_ms: 0.311
  type: 'test'
  ...
# Subtest: LUẬT 11 KHÔNG kích hoạt — gửi tiền cho ai đó, một loại tài sản
ok 22 - LUẬT 11 KHÔNG kích hoạt — gửi tiền cho ai đó, một loại tài sản
  ---
  duration_ms: 0.235
  type: 'test'
  ...
# Subtest: LUẬT 11 KHÔNG kích hoạt — swap có nhận lại token khác
ok 23 - LUẬT 11 KHÔNG kích hoạt — swap có nhận lại token khác
  ---
  duration_ms: 0.1269
  type: 'test'
  ...
# Subtest: LUẬT 11 KHÔNG BAO GIỜ tự mình ra Đỏ
ok 24 - LUẬT 11 KHÔNG BAO GIỜ tự mình ra Đỏ
  ---
  duration_ms: 0.2468
  type: 'test'
  ...
# Subtest: LUẬT 8 kích hoạt — gửi phần lớn tài sản cho ví tạo 2 giờ trước
ok 25 - LUẬT 8 kích hoạt — gửi phần lớn tài sản cho ví tạo 2 giờ trước
  ---
  duration_ms: 0.2725
  type: 'test'
  ...
# Subtest: LUẬT 8 KHÔNG kích hoạt — ví nhận đã tồn tại lâu
ok 26 - LUẬT 8 KHÔNG kích hoạt — ví nhận đã tồn tại lâu
  ---
  duration_ms: 0.1068
  type: 'test'
  ...
# Subtest: LUẬT 8 KHÔNG kích hoạt khi KHÔNG TRA ĐƯỢC tuổi ví
ok 27 - LUẬT 8 KHÔNG kích hoạt khi KHÔNG TRA ĐƯỢC tuổi ví
  ---
  duration_ms: 0.0712
  type: 'test'
  ...
# Subtest: LUẬT 8 KHÔNG kích hoạt — gửi phần nhỏ cho ví mới
ok 28 - LUẬT 8 KHÔNG kích hoạt — gửi phần nhỏ cho ví mới
  ---
  duration_ms: 0.0782
  type: 'test'
  ...
# Subtest: nhiều luật cùng kích hoạt — lấy mức cao nhất, mã lý do không trùng lặp
ok 29 - nhiều luật cùng kích hoạt — lấy mức cao nhất, mã lý do không trùng lặp
  ---
  duration_ms: 0.1055
  type: 'test'
  ...
# Subtest: giao dịch sạch, đọc hiểu hết, không luật nào kích hoạt ⇒ safe
ok 30 - giao dịch sạch, đọc hiểu hết, không luật nào kích hoạt ⇒ safe
  ---
  duration_ms: 0.1068
  type: 'test'
  ...
# Subtest: LUẬT 5 kích hoạt — token có transfer hook trỏ tới chương trình chưa đọc hiểu
ok 31 - LUẬT 5 kích hoạt — token có transfer hook trỏ tới chương trình chưa đọc hiểu
  ---
  duration_ms: 0.2129
  type: 'test'
  ...
# Subtest: LUẬT 5 KHÔNG kích hoạt — hook trỏ tới chương trình đã xác minh (ca R05-neg)
ok 32 - LUẬT 5 KHÔNG kích hoạt — hook trỏ tới chương trình đã xác minh (ca R05-neg)
  ---
  duration_ms: 0.0856
  type: 'test'
  ...
# Subtest: LUẬT 5 KHÔNG kích hoạt — Token-2022 nhưng không cài hook
ok 33 - LUẬT 5 KHÔNG kích hoạt — Token-2022 nhưng không cài hook
  ---
  duration_ms: 0.4611
  type: 'test'
  ...
# Subtest: LUẬT 7 kích hoạt — người phát hành vẫn đóng băng được tài khoản của bạn
ok 34 - LUẬT 7 kích hoạt — người phát hành vẫn đóng băng được tài khoản của bạn
  ---
  duration_ms: 0.4646
  type: 'test'
  ...
# Subtest: LUẬT 7 chỉ mang tính THÔNG TIN — USDC cũng có freeze authority
ok 35 - LUẬT 7 chỉ mang tính THÔNG TIN — USDC cũng có freeze authority
  ---
  duration_ms: 0.3444
  type: 'test'
  ...
# Subtest: LUẬT 7 KHÔNG kích hoạt — chính người ký giữ quyền đóng băng
ok 36 - LUẬT 7 KHÔNG kích hoạt — chính người ký giữ quyền đóng băng
  ---
  duration_ms: 0.1531
  type: 'test'
  ...
# Subtest: LUẬT 7 KHÔNG kích hoạt — freeze authority đã thu hồi (ca R07-neg)
ok 37 - LUẬT 7 KHÔNG kích hoạt — freeze authority đã thu hồi (ca R07-neg)
  ---
  duration_ms: 0.1472
  type: 'test'
  ...
# Subtest: LUẬT 10 kích hoạt — có bảng tra địa chỉ không giải được
ok 38 - LUẬT 10 kích hoạt — có bảng tra địa chỉ không giải được
  ---
  duration_ms: 0.0966
  type: 'test'
  ...
# Subtest: LUẬT 10 KHÔNG kích hoạt — ALT giải được bình thường (7/10 giao dịch mainnet)
ok 39 - LUẬT 10 KHÔNG kích hoạt — ALT giải được bình thường (7/10 giao dịch mainnet)
  ---
  duration_ms: 0.0885
  type: 'test'
  ...
# Subtest: LUẬT 10 lấp chỗ trống của fail-safe 3 — trước đây Vàng mà không nói được vì sao
ok 40 - LUẬT 10 lấp chỗ trống của fail-safe 3 — trước đây Vàng mà không nói được vì sao
  ---
  duration_ms: 1.5234
  type: 'test'
  ...
1..40
# tests 40
# suites 0
# pass 40
# fail 0
# cancelled 0
# skipped 0
# todo 0
# duration_ms 143.327
