TAP version 13
# Subtest: FAIL-SAFE — mô phỏng hỏng thì coverage.analyzed phải là 0
ok 1 - FAIL-SAFE — mô phỏng hỏng thì coverage.analyzed phải là 0
  ---
  duration_ms: 27.5867
  type: 'test'
  ...
# Subtest: FAIL-SAFE — mô phỏng hỏng thì L2 không bao giờ ra safe
ok 2 - FAIL-SAFE — mô phỏng hỏng thì L2 không bao giờ ra safe
  ---
  duration_ms: 4.4251
  type: 'test'
  ...
# Subtest: TRUNG THỰC — mô phỏng hỏng thì KHÔNG được bịa hậu quả, nhưng vẫn giữ dòng trung thực
ok 3 - TRUNG THỰC — mô phỏng hỏng thì KHÔNG được bịa hậu quả, nhưng vẫn giữ dòng trung thực
  ---
  duration_ms: 2.7537
  type: 'test'
  ...
1..3
# tests 3
# suites 0
# pass 3
# fail 0
# cancelled 0
# skipped 0
# todo 0
# duration_ms 556.1361
