TAP version 13
# Subtest: FAIL-SAFE — mô phỏng hỏng thì coverage.analyzed phải là 0
ok 1 - FAIL-SAFE — mô phỏng hỏng thì coverage.analyzed phải là 0
  ---
  duration_ms: 26.7619
  type: 'test'
  ...
# Subtest: FAIL-SAFE — mô phỏng hỏng thì L2 không bao giờ ra safe
ok 2 - FAIL-SAFE — mô phỏng hỏng thì L2 không bao giờ ra safe
  ---
  duration_ms: 1.5003
  type: 'test'
  ...
# Subtest: TRUNG THỰC — mô phỏng hỏng thì KHÔNG được bịa hậu quả, nhưng vẫn giữ dòng trung thực
not ok 3 - TRUNG THỰC — mô phỏng hỏng thì KHÔNG được bịa hậu quả, nhưng vẫn giữ dòng trung thực
  ---
  duration_ms: 2.0679
  type: 'test'
  location: 'C:\\Users\\Viet Tien\\Downloads\\Hackathon\\docs\\review\\phan-bien-da-vai-20260926\\bang-chung\\mutation-copy\\packages\\core\\test\\failsafe.test.ts:98:1'
  failureType: 'testCodeFailure'
  error: 'vẫn phải nói rõ vì sao trống: mô phỏng hỏng'
  code: 'ERR_ASSERTION'
  name: 'AssertionError'
  expected: true
  actual: false
  operator: '=='
  stack: |-
    TestContext.<anonymous> (file:///C:/Users/Viet%20Tien/Downloads/Hackathon/docs/review/phan-bien-da-vai-20260926/bang-chung/mutation-copy/packages/core/test/failsafe.test.ts:174:10)
    async Test.run (node:internal/test_runner/test:1113:7)
    async Test.processPendingSubtests (node:internal/test_runner/test:788:7)
  ...
1..3
# tests 3
# suites 0
# pass 2
# fail 1
# cancelled 0
# skipped 0
# todo 0
# duration_ms 351.9291
