TAP version 13
# Subtest: inspect() trả về InspectResult hợp lệ theo hợp đồng
ok 1 - inspect() trả về InspectResult hợp lệ theo hợp đồng
  ---
  duration_ms: 28.5709
  type: 'test'
  ...
# Subtest: vắng L3 thì sản phẩm vẫn chạy — verdict và mã lý do nguyên vẹn
ok 2 - vắng L3 thì sản phẩm vẫn chạy — verdict và mã lý do nguyên vẹn
  ---
  duration_ms: 1.1805
  type: 'test'
  ...
# Subtest: L3 NÉM LỖI cũng không được làm sập lượt kiểm tra
ok 3 - L3 NÉM LỖI cũng không được làm sập lượt kiểm tra
  ---
  duration_ms: 1.4528
  type: 'test'
  ...
# Subtest: L3 KHÔNG thể sửa được level — kiểu dữ liệu chặn từ đầu
ok 4 - L3 KHÔNG thể sửa được level — kiểu dữ liệu chặn từ đầu
  ---
  duration_ms: 1.0413
  type: 'test'
  ...
# Subtest: expectedAction LỆCH ⇒ nâng nghi ngờ
not ok 5 - expectedAction LỆCH ⇒ nâng nghi ngờ
  ---
  duration_ms: 3.5213
  type: 'test'
  location: 'C:\\Users\\Viet Tien\\Downloads\\Hackathon\\docs\\review\\phan-bien-da-vai-20260926\\bang-chung\\mutation-copy\\packages\\core\\test\\inspect.test.ts:81:1'
  failureType: 'testCodeFailure'
  error: |-
    Expected values to be strictly equal:
    + actual - expected
    
    + null
    - 'review_required'
    
  code: 'ERR_ASSERTION'
  name: 'AssertionError'
  expected: 'review_required'
  actual: ~
  operator: 'strictEqual'
  stack: |-
    TestContext.<anonymous> (file:///C:/Users/Viet%20Tien/Downloads/Hackathon/docs/review/phan-bien-da-vai-20260926/bang-chung/mutation-copy/packages/core/test/inspect.test.ts:94:10)
    async Test.run (node:internal/test_runner/test:1113:7)
    async Test.processPendingSubtests (node:internal/test_runner/test:788:7)
  ...
# Subtest: expectedAction KHỚP ⇒ KHÔNG tắt cảnh báo nào (dApp độc hại khai đúng được)
not ok 6 - expectedAction KHỚP ⇒ KHÔNG tắt cảnh báo nào (dApp độc hại khai đúng được)
  ---
  duration_ms: 1.2394
  type: 'test'
  location: 'C:\\Users\\Viet Tien\\Downloads\\Hackathon\\docs\\review\\phan-bien-da-vai-20260926\\bang-chung\\mutation-copy\\packages\\core\\test\\inspect.test.ts:97:1'
  failureType: 'testCodeFailure'
  error: |-
    lời khai KHỚP thì không được ghi nhận là lệch
    + actual - expected
    
    + {
    +   khai: 'transfer',
    +   nhanDien: 'transfer'
    + }
    - undefined
    
  code: 'ERR_ASSERTION'
  name: 'AssertionError'
  actual:
    khai: 'transfer'
    nhanDien: 'transfer'
  operator: 'strictEqual'
  stack: |-
    TestContext.<anonymous> (file:///C:/Users/Viet%20Tien/Downloads/Hackathon/docs/review/phan-bien-da-vai-20260926/bang-chung/mutation-copy/packages/core/test/inspect.test.ts:124:10)
    async Test.run (node:internal/test_runner/test:1113:7)
    async Test.processPendingSubtests (node:internal/test_runner/test:788:7)
  ...
# Subtest: định dạng số theo kiểu Việt Nam
ok 7 - định dạng số theo kiểu Việt Nam
  ---
  duration_ms: 9.0102
  type: 'test'
  ...
# Subtest: QA · aiAdvisory lạ từ L3 bị ép về null, không lọt ra hợp đồng
ok 8 - QA · aiAdvisory lạ từ L3 bị ép về null, không lọt ra hợp đồng
  ---
  duration_ms: 5.4895
  type: 'test'
  ...
# Subtest: QA · aiAdvisory HỢP LỆ vẫn đi qua — đối chứng
ok 9 - QA · aiAdvisory HỢP LỆ vẫn đi qua — đối chứng
  ---
  duration_ms: 1.029
  type: 'test'
  ...
# Subtest: QA · L3 trả kiểu SAI HẲN không làm vỡ hợp đồng
ok 10 - QA · L3 trả kiểu SAI HẲN không làm vỡ hợp đồng
  ---
  duration_ms: 3.8375
  type: 'test'
  ...
# Subtest: QA · chữ do L3 sinh bị giới hạn độ dài trước khi vào kết quả
ok 11 - QA · chữ do L3 sinh bị giới hạn độ dài trước khi vào kết quả
  ---
  duration_ms: 1.1434
  type: 'test'
  ...
# Subtest: dApp khai `transfer` cho một lệnh chuyển token ⇒ KHÔNG bị ghi là lệch
not ok 12 - dApp khai `transfer` cho một lệnh chuyển token ⇒ KHÔNG bị ghi là lệch
  ---
  duration_ms: 54.1396
  type: 'test'
  location: 'C:\\Users\\Viet Tien\\Downloads\\Hackathon\\docs\\review\\phan-bien-da-vai-20260926\\bang-chung\\mutation-copy\\packages\\core\\test\\inspect.test.ts:268:1'
  failureType: 'testCodeFailure'
  error: |-
    khai khớp mà bị tố lệch
    + actual - expected
    
    + {
    +   khai: 'transfer',
    +   nhanDien: 'chuyển token'
    + }
    - undefined
    
  code: 'ERR_ASSERTION'
  name: 'AssertionError'
  actual:
    khai: 'transfer'
    nhanDien: 'chuyển token'
  operator: 'strictEqual'
  stack: |-
    TestContext.<anonymous> (file:///C:/Users/Viet%20Tien/Downloads/Hackathon/docs/review/phan-bien-da-vai-20260926/bang-chung/mutation-copy/packages/core/test/inspect.test.ts:271:10)
    async Test.run (node:internal/test_runner/test:1113:7)
    async Test.processPendingSubtests (node:internal/test_runner/test:788:7)
  ...
# Subtest: khai bằng đúng chữ L3 dùng (`chuyển token`) cũng khớp
not ok 13 - khai bằng đúng chữ L3 dùng (`chuyển token`) cũng khớp
  ---
  duration_ms: 5.4226
  type: 'test'
  location: 'C:\\Users\\Viet Tien\\Downloads\\Hackathon\\docs\\review\\phan-bien-da-vai-20260926\\bang-chung\\mutation-copy\\packages\\core\\test\\inspect.test.ts:275:1'
  failureType: 'testCodeFailure'
  error: |-
    Expected values to be strictly equal:
    + actual - expected
    
    + {
    +   khai: 'chuyển token',
    +   nhanDien: 'chuyển token'
    + }
    - undefined
    
  code: 'ERR_ASSERTION'
  name: 'AssertionError'
  actual:
    khai: 'chuyển token'
    nhanDien: 'chuyển token'
  operator: 'strictEqual'
  stack: |-
    TestContext.<anonymous> (file:///C:/Users/Viet%20Tien/Downloads/Hackathon/docs/review/phan-bien-da-vai-20260926/bang-chung/mutation-copy/packages/core/test/inspect.test.ts:277:10)
    async Test.run (node:internal/test_runner/test:1113:7)
    async Test.processPendingSubtests (node:internal/test_runner/test:788:7)
  ...
# Subtest: dApp khai `airdrop`/`swap`/`approve` cho một lệnh CHUYỂN tiền đi ⇒ VẪN lệch
not ok 14 - dApp khai `airdrop`/`swap`/`approve` cho một lệnh CHUYỂN tiền đi ⇒ VẪN lệch
  ---
  duration_ms: 2.973
  type: 'test'
  location: 'C:\\Users\\Viet Tien\\Downloads\\Hackathon\\docs\\review\\phan-bien-da-vai-20260926\\bang-chung\\mutation-copy\\packages\\core\\test\\inspect.test.ts:280:1'
  failureType: 'testCodeFailure'
  error: |-
    khai "airdrop" cho lệnh chuyển tiền đi phải bị ghi là lệch
    + actual - expected
    
    + undefined
    - {
    -   khai: 'airdrop',
    -   nhanDien: 'chuyển token'
    - }
    
  code: 'ERR_ASSERTION'
  name: 'AssertionError'
  expected:
    khai: 'airdrop'
    nhanDien: 'chuyển token'
  operator: 'deepStrictEqual'
  stack: |-
    TestContext.<anonymous> (file:///C:/Users/Viet%20Tien/Downloads/Hackathon/docs/review/phan-bien-da-vai-20260926/bang-chung/mutation-copy/packages/core/test/inspect.test.ts:285:12)
    async Test.run (node:internal/test_runner/test:1113:7)
    async Test.processPendingSubtests (node:internal/test_runner/test:788:7)
  ...
# Subtest: bảng lời khai là MỘT CHIỀU và không nhận tên lạ
ok 15 - bảng lời khai là MỘT CHIỀU và không nhận tên lạ
  ---
  duration_ms: 0.1445
  type: 'test'
  ...
1..15
# tests 15
# suites 0
# pass 10
# fail 5
# cancelled 0
# skipped 0
# todo 0
# duration_ms 2968.0767
